// Jest Snapshot v1, https://goo.gl/fbAQLP

exports[`renders correctly 1`] = `
<View
  style={
    {
      "backgroundColor": "#0F111D",
      "height": "100%",
      "width": 10,
    }
  }
/>
`;
