// Jest Snapshot v1, https://goo.gl/fbAQLP

exports[`renders correctly 1`] = `
<View
  accessibilityState={
    {
      "busy": undefined,
      "checked": undefined,
      "disabled": undefined,
      "expanded": undefined,
      "selected": undefined,
    }
  }
  accessible={true}
  focusable={true}
  onClick={[Function]}
  onResponderGrant={[Function]}
  onResponderMove={[Function]}
  onResponderRelease={[Function]}
  onResponderTerminate={[Function]}
  onResponderTerminationRequest={[Function]}
  onStartShouldSetResponder={[Function]}
  style={
    {
      "marginBottom": 10,
      "width": 375,
    }
  }
>
  <View
    accessibilityIgnoresInvertColors={true}
    style={
      {
        "alignItems": "center",
        "borderRadius": 10,
        "height": 150,
        "justifyContent": "center",
        "marginBottom": 10,
        "overflow": "hidden",
        "width": "100%",
      }
    }
  >
    <Image
      source={
        {
          "uri": "https://example.com/poster.jpg",
        }
      }
      style={
        [
          {
            "bottom": 0,
            "left": 0,
            "position": "absolute",
            "right": 0,
            "top": 0,
          },
          {
            "height": 150,
            "width": "100%",
          },
          undefined,
        ]
      }
    />
    <Image
      source={
        {
          "testUri": "../../../src/assets/drawables/play-button.png",
        }
      }
      style={
        {
          "height": 45,
          "tintColor": "skyblue",
          "width": 45,
        }
      }
    />
  </View>
  <Text
    numberOfLines={1}
    style={
      {
        "color": "#ffffff",
        "fontFamily": "Raleway-BoldItalic",
        "fontSize": 16,
      }
    }
  >
     
    The Great Adventure
     
  </Text>
</View>
`;
