// Jest Snapshot v1, https://goo.gl/fbAQLP

exports[`renders correctly 1`] = `
<RCTSafeAreaView
  style={
    [
      {
        "backgroundColor": "#0F111D",
        "flex": 1,
        "paddingHorizontal": 25,
        "paddingTop": 0,
      },
      undefined,
    ]
  }
/>
`;
