// Jest Snapshot v1, https://goo.gl/fbAQLP

exports[`renders correctly 1`] = `
<View
  style={
    [
      {
        "alignItems": "center",
        "flexDirection": "row",
        "justifyContent": "space-between",
        "marginTop": 40,
        "paddingHorizontal": 24,
      },
      undefined,
    ]
  }
>
  <View
    accessibilityState={
      {
        "busy": undefined,
        "checked": undefined,
        "disabled": undefined,
        "expanded": undefined,
        "selected": undefined,
      }
    }
    accessibilityValue={
      {
        "max": undefined,
        "min": undefined,
        "now": undefined,
        "text": undefined,
      }
    }
    accessible={true}
    collapsable={false}
    focusable={true}
    onClick={[Function]}
    onResponderGrant={[Function]}
    onResponderMove={[Function]}
    onResponderRelease={[Function]}
    onResponderTerminate={[Function]}
    onResponderTerminationRequest={[Function]}
    onStartShouldSetResponder={[Function]}
    style={
      {
        "alignItems": "center",
        "backgroundColor": "rgba(0, 0, 0, 0.4)",
        "borderBottomLeftRadius": 20,
        "borderBottomRightRadius": 20,
        "borderRadius": 20,
        "borderTopLeftRadius": 20,
        "borderTopRightRadius": 20,
        "height": 50,
        "justifyContent": "center",
        "opacity": 1,
        "width": 50,
      }
    }
  >
    <Image
      source={
        {
          "testUri": "../../../src/assets/drawables/left-arrow.png",
        }
      }
      style={
        {
          "height": 20,
          "tintColor": "#ffffff",
          "width": 20,
        }
      }
    />
  </View>
  <Text
    style={
      [
        {
          "color": "#ffffff",
        },
        undefined,
      ]
    }
  >
    filmstreak
  </Text>
  <View>
    <View>
      <View
        accessibilityState={
          {
            "busy": undefined,
            "checked": undefined,
            "disabled": undefined,
            "expanded": undefined,
            "selected": undefined,
          }
        }
        accessibilityValue={
          {
            "max": undefined,
            "min": undefined,
            "now": undefined,
            "text": undefined,
          }
        }
        accessible={true}
        collapsable={false}
        focusable={true}
        onClick={[Function]}
        onResponderGrant={[Function]}
        onResponderMove={[Function]}
        onResponderRelease={[Function]}
        onResponderTerminate={[Function]}
        onResponderTerminationRequest={[Function]}
        onStartShouldSetResponder={[Function]}
        style={
          {
            "alignItems": "center",
            "backgroundColor": "rgba(0, 0, 0, 0.4)",
            "borderRadius": 20,
            "height": 50,
            "justifyContent": "center",
            "opacity": 1,
            "width": 50,
          }
        }
      >
        <Image
          source={
            {
              "testUri": "../../../src/assets/drawables/wish-list.png",
            }
          }
          style={
            {
              "height": 25,
              "width": 25,
            }
          }
        />
      </View>
    </View>
  </View>
</View>
`;
