// Jest Snapshot v1, https://goo.gl/fbAQLP

exports[`renders correctly 1`] = `
<View
  accessibilityIgnoresInvertColors={true}
  style={
    {
      "height": 867.1,
      "width": "100%",
    }
  }
>
  <Image
    resizeMode="cover"
    source={
      {
        "uri": "https://example.com/backposter.jpg",
      }
    }
    style={
      [
        {
          "bottom": 0,
          "left": 0,
          "position": "absolute",
          "right": 0,
          "top": 0,
        },
        {
          "height": 867.1,
          "width": "100%",
        },
        undefined,
      ]
    }
  />
  <View
    style={
      {
        "flex": 1,
      }
    }
  >
    <View
      style={
        [
          {
            "alignItems": "center",
            "flexDirection": "row",
            "justifyContent": "space-between",
            "marginTop": 40,
            "paddingHorizontal": 24,
          },
          {
            "marginTop": 4,
            "paddingHorizontal": 10,
          },
        ]
      }
    >
      <View
        accessibilityState={
          {
            "busy": undefined,
            "checked": undefined,
            "disabled": undefined,
            "expanded": undefined,
            "selected": undefined,
          }
        }
        accessibilityValue={
          {
            "max": undefined,
            "min": undefined,
            "now": undefined,
            "text": undefined,
          }
        }
        accessible={true}
        collapsable={false}
        focusable={true}
        onClick={[Function]}
        onResponderGrant={[Function]}
        onResponderMove={[Function]}
        onResponderRelease={[Function]}
        onResponderTerminate={[Function]}
        onResponderTerminationRequest={[Function]}
        onStartShouldSetResponder={[Function]}
        style={
          {
            "alignItems": "center",
            "backgroundColor": "rgba(0, 0, 0, 0.4)",
            "borderBottomLeftRadius": 20,
            "borderBottomRightRadius": 20,
            "borderRadius": 20,
            "borderTopLeftRadius": 20,
            "borderTopRightRadius": 20,
            "height": 50,
            "justifyContent": "center",
            "opacity": 1,
            "width": 50,
          }
        }
      >
        <Image
          source={
            {
              "testUri": "../../../src/assets/drawables/left-arrow.png",
            }
          }
          style={
            {
              "height": 20,
              "tintColor": "#ffffff",
              "width": 20,
            }
          }
        />
      </View>
      <View>
        <View>
          <View
            accessibilityState={
              {
                "busy": undefined,
                "checked": undefined,
                "disabled": undefined,
                "expanded": undefined,
                "selected": undefined,
              }
            }
            accessibilityValue={
              {
                "max": undefined,
                "min": undefined,
                "now": undefined,
                "text": undefined,
              }
            }
            accessible={true}
            collapsable={false}
            focusable={true}
            onClick={[Function]}
            onResponderGrant={[Function]}
            onResponderMove={[Function]}
            onResponderRelease={[Function]}
            onResponderTerminate={[Function]}
            onResponderTerminationRequest={[Function]}
            onStartShouldSetResponder={[Function]}
            style={
              {
                "alignItems": "center",
                "backgroundColor": "rgba(0, 0, 0, 0.4)",
                "borderRadius": 20,
                "height": 50,
                "justifyContent": "center",
                "opacity": 1,
                "width": 50,
              }
            }
          >
            <Image
              source={
                {
                  "testUri": "../../../src/assets/drawables/wish-list.png",
                }
              }
              style={
                {
                  "height": 25,
                  "width": 25,
                }
              }
            />
          </View>
        </View>
      </View>
    </View>
    <View
      style={
        {
          "flex": 1,
          "justifyContent": "flex-end",
        }
      }
    >
      <View
        style={
          {
            "alignItems": "center",
            "backgroundColor": "rgba(15, 17, 29, 0.2)",
            "height": 200,
            "justifyContent": "flex-end",
            "width": "100%",
          }
        }
      >
        <Text
          style={
            {
              "color": "#ffffff",
              "fontFamily": "PermanentMarker-Regular",
              "fontSize": 30,
              "lineHeight": 36,
              "marginTop": 8,
            }
          }
        >
          now playing
        </Text>
      </View>
    </View>
  </View>
</View>
`;
